ðŸŒŸ This was machine generated.  Do not edit. ðŸŒŸ

Frame[0] {
    "type": "timeseries-many",
    "executedQueryString": "Expr: up(ALERTS)\nStep: 42s"
}
Name: {__name__="moon", level="error"}
Dimensions: 2 Fields by 1 Rows
+-----------------------------------+------------------------------------+
| Name: Time                        | Name: Value                        |
| Labels:                           | Labels: __name__=moon, level=error |
| Type: []time.Time                 | Type: []float64                    |
+-----------------------------------+------------------------------------+
| 2021-12-10 08:36:06.989 +0000 UTC | 0.4                                |
+-----------------------------------+------------------------------------+


====== TEST DATA RESPONSE (arrow base64) ======
FRAME=QVJST1cxAAD/////0AIAABAAAAAAAAoADgAMAAsABAAKAAAAFAAAAAAAAAEEAAoADAAAAAgABAAKAAAACAAAAOAAAAADAAAAbAAAACgAAAAEAAAA0P3//wgAAAAMAAAAAAAAAAAAAAAFAAAAcmVmSWQAAADw/f//CAAAACwAAAAgAAAAe19fbmFtZV9fPSJtb29uIiwgbGV2ZWw9ImVycm9yIn0AAAAABAAAAG5hbWUAAAAAMP7//wgAAABYAAAATgAAAHsidHlwZSI6InRpbWVzZXJpZXMtbWFueSIsImV4ZWN1dGVkUXVlcnlTdHJpbmciOiJFeHByOiB1cChBTEVSVFMpXG5TdGVwOiA0MnMifQAABAAAAG1ldGEAAAAAAgAAABgBAAAEAAAAAv///xQAAADgAAAA4AAAAAAAAAPgAAAAAwAAAHAAAAAsAAAABAAAAND+//8IAAAAEAAAAAUAAABWYWx1ZQAAAAQAAABuYW1lAAAAAPT+//8IAAAALAAAACMAAAB7Il9fbmFtZV9fIjoibW9vbiIsImxldmVsIjoiZXJyb3IifQAGAAAAbGFiZWxzAAA0////CAAAAEgAAAA8AAAAeyJkaXNwbGF5TmFtZUZyb21EUyI6IntfX25hbWVfXz1cIm1vb25cIiwgbGV2ZWw9XCJlcnJvclwifSJ9AAAAAAYAAABjb25maWcAAAAAAABW////AAACAAUAAABWYWx1ZQASABgAFAAAABMADAAAAAgABAASAAAAFAAAAHgAAACAAAAAAAAACoAAAAACAAAANAAAAAQAAADc////CAAAABAAAAAEAAAAVGltZQAAAAAEAAAAbmFtZQAAAAAIAAwACAAEAAgAAAAIAAAAHAAAABIAAAB7ImludGVydmFsIjo0MjAwMH0AAAYAAABjb25maWcAAAAAAAAAAAYACAAGAAYAAAAAAAMABAAAAFRpbWUAAAAAAAAAAP////+4AAAAFAAAAAAAAAAMABYAFAATAAwABAAMAAAAEAAAAAAAAAAUAAAAAAAAAwQACgAYAAwACAAEAAoAAAAUAAAAWAAAAAEAAAAAAAAAAAAAAAQAAAAAAAAAAAAAAAAAAAAAAAAAAAAAAAAAAAAIAAAAAAAAAAgAAAAAAAAAAAAAAAAAAAAIAAAAAAAAAAgAAAAAAAAAAAAAAAIAAAABAAAAAAAAAAAAAAAAAAAAAQAAAAAAAAAAAAAAAAAAAEANtjnWV78WmpmZmZmZ2T8QAAAADAAUABIADAAIAAQADAAAABAAAAAsAAAAOAAAAAAABAABAAAA4AIAAAAAAADAAAAAAAAAABAAAAAAAAAAAAAAAAAAAAAAAAoADAAAAAgABAAKAAAACAAAAOAAAAADAAAAbAAAACgAAAAEAAAA0P3//wgAAAAMAAAAAAAAAAAAAAAFAAAAcmVmSWQAAADw/f//CAAAACwAAAAgAAAAe19fbmFtZV9fPSJtb29uIiwgbGV2ZWw9ImVycm9yIn0AAAAABAAAAG5hbWUAAAAAMP7//wgAAABYAAAATgAAAHsidHlwZSI6InRpbWVzZXJpZXMtbWFueSIsImV4ZWN1dGVkUXVlcnlTdHJpbmciOiJFeHByOiB1cChBTEVSVFMpXG5TdGVwOiA0MnMifQAABAAAAG1ldGEAAAAAAgAAABgBAAAEAAAAAv///xQAAADgAAAA4AAAAAAAAAPgAAAAAwAAAHAAAAAsAAAABAAAAND+//8IAAAAEAAAAAUAAABWYWx1ZQAAAAQAAABuYW1lAAAAAPT+//8IAAAALAAAACMAAAB7Il9fbmFtZV9fIjoibW9vbiIsImxldmVsIjoiZXJyb3IifQAGAAAAbGFiZWxzAAA0////CAAAAEgAAAA8AAAAeyJkaXNwbGF5TmFtZUZyb21EUyI6IntfX25hbWVfXz1cIm1vb25cIiwgbGV2ZWw9XCJlcnJvclwifSJ9AAAAAAYAAABjb25maWcAAAAAAABW////AAACAAUAAABWYWx1ZQASABgAFAAAABMADAAAAAgABAASAAAAFAAAAHgAAACAAAAAAAAACoAAAAACAAAANAAAAAQAAADc////CAAAABAAAAAEAAAAVGltZQAAAAAEAAAAbmFtZQAAAAAIAAwACAAEAAgAAAAIAAAAHAAAABIAAAB7ImludGVydmFsIjo0MjAwMH0AAAYAAABjb25maWcAAAAAAAAAAAYACAAGAAYAAAAAAAMABAAAAFRpbWUAAAAA+AIAAEFSUk9XMQ==
