ðŸŒŸ This was machine generated.  Do not edit. ðŸŒŸ

Frame[0] {
    "type": "timeseries-many",
    "executedQueryString": "Expr: up(ALERTS)\nStep: 42s"
}
Name: {level="info", location="moon", protocol="http"}
Dimensions: 2 Fields by 8 Rows
+---------------------------------+--------------------------------------------------+
| Name: Time                      | Name: Value                                      |
| Labels:                         | Labels: level=info, location=moon, protocol=http |
| Type: []time.Time               | Type: []float64                                  |
+---------------------------------+--------------------------------------------------+
| 2022-01-24 10:53:31.1 +0000 UTC | +Inf                                             |
| 2022-01-24 10:58:31.2 +0000 UTC | -Inf                                             |
| 2022-01-24 10:53:31.3 +0000 UTC | +Inf                                             |
| 2022-01-24 10:58:31.4 +0000 UTC | -Inf                                             |
| 2022-01-24 10:53:31.5 +0000 UTC | +Inf                                             |
| 2022-01-24 10:58:31.6 +0000 UTC | -Inf                                             |
| 2022-01-24 10:53:31.7 +0000 UTC | +Inf                                             |
| 2022-01-24 10:58:31.8 +0000 UTC | -Inf                                             |
+---------------------------------+--------------------------------------------------+


====== TEST DATA RESPONSE (arrow base64) ======
FRAME=QVJST1cxAAD/////AAMAABAAAAAAAAoADgAMAAsABAAKAAAAFAAAAAAAAAEEAAoADAAAAAgABAAKAAAACAAAAPAAAAADAAAAfAAAACgAAAAEAAAAnP3//wgAAAAMAAAAAAAAAAAAAAAFAAAAcmVmSWQAAAC8/f//CAAAADwAAAAwAAAAe2xldmVsPSJpbmZvIiwgbG9jYXRpb249Im1vb24iLCBwcm90b2NvbD0iaHR0cCJ9AAAAAAQAAABuYW1lAAAAAAz+//8IAAAAWAAAAE4AAAB7InR5cGUiOiJ0aW1lc2VyaWVzLW1hbnkiLCJleGVjdXRlZFF1ZXJ5U3RyaW5nIjoiRXhwcjogdXAoQUxFUlRTKVxuU3RlcDogNDJzIn0AAAQAAABtZXRhAAAAAAIAAAA8AQAABAAAAN7+//8UAAAABAEAAAQBAAAAAAADBAEAAAMAAACEAAAALAAAAAQAAACs/v//CAAAABAAAAAFAAAAVmFsdWUAAAAEAAAAbmFtZQAAAADQ/v//CAAAAEAAAAA0AAAAeyJsZXZlbCI6ImluZm8iLCJsb2NhdGlvbiI6Im1vb24iLCJwcm90b2NvbCI6Imh0dHAifQAAAAAGAAAAbGFiZWxzAAAk////CAAAAFgAAABOAAAAeyJkaXNwbGF5TmFtZUZyb21EUyI6IntsZXZlbD1cImluZm9cIiwgbG9jYXRpb249XCJtb29uXCIsIHByb3RvY29sPVwiaHR0cFwifSJ9AAAGAAAAY29uZmlnAAAAAAAAVv///wAAAgAFAAAAVmFsdWUAEgAYABQAAAATAAwAAAAIAAQAEgAAABQAAAB4AAAAgAAAAAAAAAqAAAAAAgAAADQAAAAEAAAA3P///wgAAAAQAAAABAAAAFRpbWUAAAAABAAAAG5hbWUAAAAACAAMAAgABAAIAAAACAAAABwAAAASAAAAeyJpbnRlcnZhbCI6NDIwMDB9AAAGAAAAY29uZmlnAAAAAAAAAAAGAAgABgAGAAAAAAADAAQAAABUaW1lAAAAAP////+4AAAAFAAAAAAAAAAMABYAFAATAAwABAAMAAAAgAAAAAAAAAAUAAAAAAAAAwQACgAYAAwACAAEAAoAAAAUAAAAWAAAAAgAAAAAAAAAAAAAAAQAAAAAAAAAAAAAAAAAAAAAAAAAAAAAAAAAAABAAAAAAAAAAEAAAAAAAAAAAAAAAAAAAABAAAAAAAAAAEAAAAAAAAAAAAAAAAIAAAAIAAAAAAAAAAAAAAAAAAAACAAAAAAAAAAAAAAAAAAAAADP5z9zL80WAGhCH7kvzRYAkdNLcy/NFgAqLiu5L80WAFO/V3MvzRYA7Bk3uS/NFgAVq2NzL80WAK4FQ7kvzRYAAAAAAADwfwAAAAAAAPD/AAAAAAAA8H8AAAAAAADw/wAAAAAAAPB/AAAAAAAA8P8AAAAAAADwfwAAAAAAAPD/EAAAAAwAFAASAAwACAAEAAwAAAAQAAAALAAAADwAAAAAAAQAAQAAABADAAAAAAAAwAAAAAAAAACAAAAAAAAAAAAAAAAAAAAAAAAAAAAACgAMAAAACAAEAAoAAAAIAAAA8AAAAAMAAAB8AAAAKAAAAAQAAACc/f//CAAAAAwAAAAAAAAAAAAAAAUAAAByZWZJZAAAALz9//8IAAAAPAAAADAAAAB7bGV2ZWw9ImluZm8iLCBsb2NhdGlvbj0ibW9vbiIsIHByb3RvY29sPSJodHRwIn0AAAAABAAAAG5hbWUAAAAADP7//wgAAABYAAAATgAAAHsidHlwZSI6InRpbWVzZXJpZXMtbWFueSIsImV4ZWN1dGVkUXVlcnlTdHJpbmciOiJFeHByOiB1cChBTEVSVFMpXG5TdGVwOiA0MnMifQAABAAAAG1ldGEAAAAAAgAAADwBAAAEAAAA3v7//xQAAAAEAQAABAEAAAAAAAMEAQAAAwAAAIQAAAAsAAAABAAAAKz+//8IAAAAEAAAAAUAAABWYWx1ZQAAAAQAAABuYW1lAAAAAND+//8IAAAAQAAAADQAAAB7ImxldmVsIjoiaW5mbyIsImxvY2F0aW9uIjoibW9vbiIsInByb3RvY29sIjoiaHR0cCJ9AAAAAAYAAABsYWJlbHMAACT///8IAAAAWAAAAE4AAAB7ImRpc3BsYXlOYW1lRnJvbURTIjoie2xldmVsPVwiaW5mb1wiLCBsb2NhdGlvbj1cIm1vb25cIiwgcHJvdG9jb2w9XCJodHRwXCJ9In0AAAYAAABjb25maWcAAAAAAABW////AAACAAUAAABWYWx1ZQASABgAFAAAABMADAAAAAgABAASAAAAFAAAAHgAAACAAAAAAAAACoAAAAACAAAANAAAAAQAAADc////CAAAABAAAAAEAAAAVGltZQAAAAAEAAAAbmFtZQAAAAAIAAwACAAEAAgAAAAIAAAAHAAAABIAAAB7ImludGVydmFsIjo0MjAwMH0AAAYAAABjb25maWcAAAAAAAAAAAYACAAGAAYAAAAAAAMABAAAAFRpbWUAAAAAMAMAAEFSUk9XMQ==
