ðŸŒŸ This was machine generated.  Do not edit. ðŸŒŸ

Frame[0] {
    "type": "timeseries-many",
    "executedQueryString": "Expr: up(ALERTS)\nStep: 42s"
}
Name: {level="error"}
Dimensions: 2 Fields by 4 Rows
+-----------------------------------+---------------------+
| Name: Time                        | Name: Value         |
| Labels:                           | Labels: level=error |
| Type: []time.Time                 | Type: []float64     |
+-----------------------------------+---------------------+
| 2021-12-10 08:36:06.511 +0000 UTC | 0.4                 |
| 2021-12-10 08:36:46.512 +0000 UTC | 0.2                 |
| 2021-12-10 08:36:56.513 +0000 UTC | 0.2                 |
| 2021-12-10 08:37:46.514 +0000 UTC | 0.6                 |
+-----------------------------------+---------------------+


====== TEST DATA RESPONSE (arrow base64) ======
FRAME=QVJST1cxAAD/////mAIAABAAAAAAAAoADgAMAAsABAAKAAAAFAAAAAAAAAEEAAoADAAAAAgABAAKAAAACAAAAMwAAAADAAAAWAAAACgAAAAEAAAACP7//wgAAAAMAAAAAAAAAAAAAAAFAAAAcmVmSWQAAAAo/v//CAAAABgAAAAPAAAAe2xldmVsPSJlcnJvciJ9AAQAAABuYW1lAAAAAFT+//8IAAAAWAAAAE4AAAB7InR5cGUiOiJ0aW1lc2VyaWVzLW1hbnkiLCJleGVjdXRlZFF1ZXJ5U3RyaW5nIjoiRXhwcjogdXAoQUxFUlRTKVxuU3RlcDogNDJzIn0AAAQAAABtZXRhAAAAAAIAAAD0AAAABAAAACb///8UAAAAvAAAALwAAAAAAAADvAAAAAMAAABgAAAALAAAAAQAAAD0/v//CAAAABAAAAAFAAAAVmFsdWUAAAAEAAAAbmFtZQAAAAAY////CAAAABwAAAARAAAAeyJsZXZlbCI6ImVycm9yIn0AAAAGAAAAbGFiZWxzAABI////CAAAADQAAAApAAAAeyJkaXNwbGF5TmFtZUZyb21EUyI6IntsZXZlbD1cImVycm9yXCJ9In0AAAAGAAAAY29uZmlnAAAAAAAAVv///wAAAgAFAAAAVmFsdWUAEgAYABQAAAATAAwAAAAIAAQAEgAAABQAAAB4AAAAgAAAAAAAAAqAAAAAAgAAADQAAAAEAAAA3P///wgAAAAQAAAABAAAAFRpbWUAAAAABAAAAG5hbWUAAAAACAAMAAgABAAIAAAACAAAABwAAAASAAAAeyJpbnRlcnZhbCI6NDIwMDB9AAAGAAAAY29uZmlnAAAAAAAAAAAGAAgABgAGAAAAAAADAAQAAABUaW1lAAAAAAAAAAD/////uAAAABQAAAAAAAAADAAWABQAEwAMAAQADAAAAEAAAAAAAAAAFAAAAAAAAAMEAAoAGAAMAAgABAAKAAAAFAAAAFgAAAAEAAAAAAAAAAAAAAAEAAAAAAAAAAAAAAAAAAAAAAAAAAAAAAAAAAAAIAAAAAAAAAAgAAAAAAAAAAAAAAAAAAAAIAAAAAAAAAAgAAAAAAAAAAAAAAACAAAABAAAAAAAAAAAAAAAAAAAAAQAAAAAAAAAAAAAAAAAAADAWTgd1le/FgAsd23fV78WQFKSweFXvxaACN1l7Ve/FpqZmZmZmdk/mpmZmZmZyT+amZmZmZnJPzMzMzMzM+M/EAAAAAwAFAASAAwACAAEAAwAAAAQAAAALAAAADgAAAAAAAQAAQAAAKgCAAAAAAAAwAAAAAAAAABAAAAAAAAAAAAAAAAAAAAAAAAKAAwAAAAIAAQACgAAAAgAAADMAAAAAwAAAFgAAAAoAAAABAAAAAj+//8IAAAADAAAAAAAAAAAAAAABQAAAHJlZklkAAAAKP7//wgAAAAYAAAADwAAAHtsZXZlbD0iZXJyb3IifQAEAAAAbmFtZQAAAABU/v//CAAAAFgAAABOAAAAeyJ0eXBlIjoidGltZXNlcmllcy1tYW55IiwiZXhlY3V0ZWRRdWVyeVN0cmluZyI6IkV4cHI6IHVwKEFMRVJUUylcblN0ZXA6IDQycyJ9AAAEAAAAbWV0YQAAAAACAAAA9AAAAAQAAAAm////FAAAALwAAAC8AAAAAAAAA7wAAAADAAAAYAAAACwAAAAEAAAA9P7//wgAAAAQAAAABQAAAFZhbHVlAAAABAAAAG5hbWUAAAAAGP///wgAAAAcAAAAEQAAAHsibGV2ZWwiOiJlcnJvciJ9AAAABgAAAGxhYmVscwAASP///wgAAAA0AAAAKQAAAHsiZGlzcGxheU5hbWVGcm9tRFMiOiJ7bGV2ZWw9XCJlcnJvclwifSJ9AAAABgAAAGNvbmZpZwAAAAAAAFb///8AAAIABQAAAFZhbHVlABIAGAAUAAAAEwAMAAAACAAEABIAAAAUAAAAeAAAAIAAAAAAAAAKgAAAAAIAAAA0AAAABAAAANz///8IAAAAEAAAAAQAAABUaW1lAAAAAAQAAABuYW1lAAAAAAgADAAIAAQACAAAAAgAAAAcAAAAEgAAAHsiaW50ZXJ2YWwiOjQyMDAwfQAABgAAAGNvbmZpZwAAAAAAAAAABgAIAAYABgAAAAAAAwAEAAAAVGltZQAAAADAAgAAQVJST1cx
