ðŸŒŸ This was machine generated.  Do not edit. ðŸŒŸ

Frame[0] {
    "type": "timeseries-many",
    "executedQueryString": "Expr: up(ALERTS)\nStep: 42s"
}
Name: {level="error", location="moon"}
Dimensions: 2 Fields by 4 Rows
+-----------------------------------+------------------------------------+
| Name: Time                        | Name: Value                        |
| Labels:                           | Labels: level=error, location=moon |
| Type: []time.Time                 | Type: []float64                    |
+-----------------------------------+------------------------------------+
| 2021-12-10 08:36:06.989 +0000 UTC | 0.4                                |
| 2021-12-10 08:36:46.989 +0000 UTC | 0.2                                |
| 2021-12-10 08:36:56.989 +0000 UTC | 0.2                                |
| 2021-12-10 08:37:46.989 +0000 UTC | 0.6                                |
+-----------------------------------+------------------------------------+



Frame[1] {
    "type": "timeseries-many",
    "executedQueryString": "Expr: up(ALERTS)\nStep: 42s"
}
Name: {level="info", location="mars"}
Dimensions: 2 Fields by 5 Rows
+-----------------------------------+-----------------------------------+
| Name: Time                        | Name: Value                       |
| Labels:                           | Labels: level=info, location=mars |
| Type: []time.Time                 | Type: []float64                   |
+-----------------------------------+-----------------------------------+
| 2021-12-10 08:36:26.989 +0000 UTC | 0.6                               |
| 2021-12-10 08:36:36.989 +0000 UTC | 0.8                               |
| 2021-12-10 08:36:46.989 +0000 UTC | 0.8                               |
| 2021-12-10 08:36:56.989 +0000 UTC | 0.8                               |
| 2021-12-10 08:37:56.989 +0000 UTC | 2.6                               |
+-----------------------------------+-----------------------------------+


====== TEST DATA RESPONSE (arrow base64) ======
FRAME=QVJST1cxAAD/////0AIAABAAAAAAAAoADgAMAAsABAAKAAAAFAAAAAAAAAEEAAoADAAAAAgABAAKAAAACAAAAOAAAAADAAAAbAAAACgAAAAEAAAA0P3//wgAAAAMAAAAAAAAAAAAAAAFAAAAcmVmSWQAAADw/f//CAAAACwAAAAgAAAAe2xldmVsPSJlcnJvciIsIGxvY2F0aW9uPSJtb29uIn0AAAAABAAAAG5hbWUAAAAAMP7//wgAAABYAAAATgAAAHsidHlwZSI6InRpbWVzZXJpZXMtbWFueSIsImV4ZWN1dGVkUXVlcnlTdHJpbmciOiJFeHByOiB1cChBTEVSVFMpXG5TdGVwOiA0MnMifQAABAAAAG1ldGEAAAAAAgAAABgBAAAEAAAAAv///xQAAADgAAAA4AAAAAAAAAPgAAAAAwAAAHAAAAAsAAAABAAAAND+//8IAAAAEAAAAAUAAABWYWx1ZQAAAAQAAABuYW1lAAAAAPT+//8IAAAALAAAACMAAAB7ImxldmVsIjoiZXJyb3IiLCJsb2NhdGlvbiI6Im1vb24ifQAGAAAAbGFiZWxzAAA0////CAAAAEgAAAA8AAAAeyJkaXNwbGF5TmFtZUZyb21EUyI6IntsZXZlbD1cImVycm9yXCIsIGxvY2F0aW9uPVwibW9vblwifSJ9AAAAAAYAAABjb25maWcAAAAAAABW////AAACAAUAAABWYWx1ZQASABgAFAAAABMADAAAAAgABAASAAAAFAAAAHgAAACAAAAAAAAACoAAAAACAAAANAAAAAQAAADc////CAAAABAAAAAEAAAAVGltZQAAAAAEAAAAbmFtZQAAAAAIAAwACAAEAAgAAAAIAAAAHAAAABIAAAB7ImludGVydmFsIjo0MjAwMH0AAAYAAABjb25maWcAAAAAAAAAAAYACAAGAAYAAAAAAAMABAAAAFRpbWUAAAAAAAAAAP////+4AAAAFAAAAAAAAAAMABYAFAATAAwABAAMAAAAQAAAAAAAAAAUAAAAAAAAAwQACgAYAAwACAAEAAoAAAAUAAAAWAAAAAQAAAAAAAAAAAAAAAQAAAAAAAAAAAAAAAAAAAAAAAAAAAAAAAAAAAAgAAAAAAAAACAAAAAAAAAAAAAAAAAAAAAgAAAAAAAAACAAAAAAAAAAAAAAAAIAAAAEAAAAAAAAAAAAAAAAAAAABAAAAAAAAAAAAAAAAAAAAEANtjnWV78WQJ3lid9XvxZAgfHd4Ve/FkD1LILtV78WmpmZmZmZ2T+amZmZmZnJP5qZmZmZmck/MzMzMzMz4z8QAAAADAAUABIADAAIAAQADAAAABAAAAAsAAAAOAAAAAAABAABAAAA4AIAAAAAAADAAAAAAAAAAEAAAAAAAAAAAAAAAAAAAAAAAAoADAAAAAgABAAKAAAACAAAAOAAAAADAAAAbAAAACgAAAAEAAAA0P3//wgAAAAMAAAAAAAAAAAAAAAFAAAAcmVmSWQAAADw/f//CAAAACwAAAAgAAAAe2xldmVsPSJlcnJvciIsIGxvY2F0aW9uPSJtb29uIn0AAAAABAAAAG5hbWUAAAAAMP7//wgAAABYAAAATgAAAHsidHlwZSI6InRpbWVzZXJpZXMtbWFueSIsImV4ZWN1dGVkUXVlcnlTdHJpbmciOiJFeHByOiB1cChBTEVSVFMpXG5TdGVwOiA0MnMifQAABAAAAG1ldGEAAAAAAgAAABgBAAAEAAAAAv///xQAAADgAAAA4AAAAAAAAAPgAAAAAwAAAHAAAAAsAAAABAAAAND+//8IAAAAEAAAAAUAAABWYWx1ZQAAAAQAAABuYW1lAAAAAPT+//8IAAAALAAAACMAAAB7ImxldmVsIjoiZXJyb3IiLCJsb2NhdGlvbiI6Im1vb24ifQAGAAAAbGFiZWxzAAA0////CAAAAEgAAAA8AAAAeyJkaXNwbGF5TmFtZUZyb21EUyI6IntsZXZlbD1cImVycm9yXCIsIGxvY2F0aW9uPVwibW9vblwifSJ9AAAAAAYAAABjb25maWcAAAAAAABW////AAACAAUAAABWYWx1ZQASABgAFAAAABMADAAAAAgABAASAAAAFAAAAHgAAACAAAAAAAAACoAAAAACAAAANAAAAAQAAADc////CAAAABAAAAAEAAAAVGltZQAAAAAEAAAAbmFtZQAAAAAIAAwACAAEAAgAAAAIAAAAHAAAABIAAAB7ImludGVydmFsIjo0MjAwMH0AAAYAAABjb25maWcAAAAAAAAAAAYACAAGAAYAAAAAAAMABAAAAFRpbWUAAAAA+AIAAEFSUk9XMQ==
FRAME=QVJST1cxAAD/////yAIAABAAAAAAAAoADgAMAAsABAAKAAAAFAAAAAAAAAEEAAoADAAAAAgABAAKAAAACAAAANwAAAADAAAAaAAAACgAAAAEAAAA2P3//wgAAAAMAAAAAAAAAAAAAAAFAAAAcmVmSWQAAAD4/f//CAAAACgAAAAfAAAAe2xldmVsPSJpbmZvIiwgbG9jYXRpb249Im1hcnMifQAEAAAAbmFtZQAAAAA0/v//CAAAAFgAAABOAAAAeyJ0eXBlIjoidGltZXNlcmllcy1tYW55IiwiZXhlY3V0ZWRRdWVyeVN0cmluZyI6IkV4cHI6IHVwKEFMRVJUUylcblN0ZXA6IDQycyJ9AAAEAAAAbWV0YQAAAAACAAAAFAEAAAQAAAAG////FAAAANwAAADcAAAAAAAAA9wAAAADAAAAcAAAACwAAAAEAAAA1P7//wgAAAAQAAAABQAAAFZhbHVlAAAABAAAAG5hbWUAAAAA+P7//wgAAAAsAAAAIgAAAHsibGV2ZWwiOiJpbmZvIiwibG9jYXRpb24iOiJtYXJzIn0AAAYAAABsYWJlbHMAADj///8IAAAARAAAADsAAAB7ImRpc3BsYXlOYW1lRnJvbURTIjoie2xldmVsPVwiaW5mb1wiLCBsb2NhdGlvbj1cIm1hcnNcIn0ifQAGAAAAY29uZmlnAAAAAAAAVv///wAAAgAFAAAAVmFsdWUAEgAYABQAAAATAAwAAAAIAAQAEgAAABQAAAB4AAAAgAAAAAAAAAqAAAAAAgAAADQAAAAEAAAA3P///wgAAAAQAAAABAAAAFRpbWUAAAAABAAAAG5hbWUAAAAACAAMAAgABAAIAAAACAAAABwAAAASAAAAeyJpbnRlcnZhbCI6NDIwMDB9AAAGAAAAY29uZmlnAAAAAAAAAAAGAAgABgAGAAAAAAADAAQAAABUaW1lAAAAAAAAAAD/////uAAAABQAAAAAAAAADAAWABQAEwAMAAQADAAAAFAAAAAAAAAAFAAAAAAAAAMEAAoAGAAMAAgABAAKAAAAFAAAAFgAAAAFAAAAAAAAAAAAAAAEAAAAAAAAAAAAAAAAAAAAAAAAAAAAAAAAAAAAKAAAAAAAAAAoAAAAAAAAAAAAAAAAAAAAKAAAAAAAAAAoAAAAAAAAAAAAAAACAAAABQAAAAAAAAAAAAAAAAAAAAUAAAAAAAAAAAAAAAAAAABA1c3h2le/FkC52TXdV78WQJ3lid9XvxZAgfHd4Ve/FkDZONbvV78WMzMzMzMz4z+amZmZmZnpP5qZmZmZmek/mpmZmZmZ6T/NzMzMzMwEQBAAAAAMABQAEgAMAAgABAAMAAAAEAAAACwAAAA4AAAAAAAEAAEAAADYAgAAAAAAAMAAAAAAAAAAUAAAAAAAAAAAAAAAAAAAAAAACgAMAAAACAAEAAoAAAAIAAAA3AAAAAMAAABoAAAAKAAAAAQAAADY/f//CAAAAAwAAAAAAAAAAAAAAAUAAAByZWZJZAAAAPj9//8IAAAAKAAAAB8AAAB7bGV2ZWw9ImluZm8iLCBsb2NhdGlvbj0ibWFycyJ9AAQAAABuYW1lAAAAADT+//8IAAAAWAAAAE4AAAB7InR5cGUiOiJ0aW1lc2VyaWVzLW1hbnkiLCJleGVjdXRlZFF1ZXJ5U3RyaW5nIjoiRXhwcjogdXAoQUxFUlRTKVxuU3RlcDogNDJzIn0AAAQAAABtZXRhAAAAAAIAAAAUAQAABAAAAAb///8UAAAA3AAAANwAAAAAAAAD3AAAAAMAAABwAAAALAAAAAQAAADU/v//CAAAABAAAAAFAAAAVmFsdWUAAAAEAAAAbmFtZQAAAAD4/v//CAAAACwAAAAiAAAAeyJsZXZlbCI6ImluZm8iLCJsb2NhdGlvbiI6Im1hcnMifQAABgAAAGxhYmVscwAAOP///wgAAABEAAAAOwAAAHsiZGlzcGxheU5hbWVGcm9tRFMiOiJ7bGV2ZWw9XCJpbmZvXCIsIGxvY2F0aW9uPVwibWFyc1wifSJ9AAYAAABjb25maWcAAAAAAABW////AAACAAUAAABWYWx1ZQASABgAFAAAABMADAAAAAgABAASAAAAFAAAAHgAAACAAAAAAAAACoAAAAACAAAANAAAAAQAAADc////CAAAABAAAAAEAAAAVGltZQAAAAAEAAAAbmFtZQAAAAAIAAwACAAEAAgAAAAIAAAAHAAAABIAAAB7ImludGVydmFsIjo0MjAwMH0AAAYAAABjb25maWcAAAAAAAAAAAYACAAGAAYAAAAAAAMABAAAAFRpbWUAAAAA8AIAAEFSUk9XMQ==
