ðŸŒŸ This was machine generated.  Do not edit. ðŸŒŸ

Frame[0] {
    "type": "timeseries-many",
    "executedQueryString": "Expr: up(ALERTS)\nStep: 42s"
}
Name: {}
Dimensions: 2 Fields by 6 Rows
+-----------------------------------+-----------------+
| Name: Time                        | Name: Value     |
| Labels:                           | Labels:         |
| Type: []time.Time                 | Type: []float64 |
+-----------------------------------+-----------------+
| 2022-01-24 08:54:13.815 +0000 UTC | 50              |
| 2022-01-24 08:59:13.815 +0000 UTC | 57              |
| 2022-01-24 09:04:13.815 +0000 UTC | 55              |
| 2022-01-24 09:34:13.815 +0000 UTC | 54              |
| 2022-01-24 09:39:13.815 +0000 UTC | 55              |
| 2022-01-24 09:44:13.815 +0000 UTC | 56              |
+-----------------------------------+-----------------+


====== TEST DATA RESPONSE (arrow base64) ======
FRAME=QVJST1cxAAD/////aAIAABAAAAAAAAoADgAMAAsABAAKAAAAFAAAAAAAAAEEAAoADAAAAAgABAAKAAAACAAAAMAAAAADAAAATAAAACgAAAAEAAAANP7//wgAAAAMAAAAAAAAAAAAAAAFAAAAcmVmSWQAAABU/v//CAAAAAwAAAACAAAAe30AAAQAAABuYW1lAAAAAHT+//8IAAAAWAAAAE4AAAB7InR5cGUiOiJ0aW1lc2VyaWVzLW1hbnkiLCJleGVjdXRlZFF1ZXJ5U3RyaW5nIjoiRXhwcjogdXAoQUxFUlRTKVxuU3RlcDogNDJzIn0AAAQAAABtZXRhAAAAAAIAAADUAAAABAAAAEb///8UAAAAnAAAAJwAAAAAAAADnAAAAAMAAABQAAAALAAAAAQAAAAU////CAAAABAAAAAFAAAAVmFsdWUAAAAEAAAAbmFtZQAAAAA4////CAAAAAwAAAACAAAAe30AAAYAAABsYWJlbHMAAFj///8IAAAAJAAAABoAAAB7ImRpc3BsYXlOYW1lRnJvbURTIjoie30ifQAABgAAAGNvbmZpZwAAAAAAAFb///8AAAIABQAAAFZhbHVlABIAGAAUAAAAEwAMAAAACAAEABIAAAAUAAAAeAAAAIAAAAAAAAAKgAAAAAIAAAA0AAAABAAAANz///8IAAAAEAAAAAQAAABUaW1lAAAAAAQAAABuYW1lAAAAAAgADAAIAAQACAAAAAgAAAAcAAAAEgAAAHsiaW50ZXJ2YWwiOjQyMDAwfQAABgAAAGNvbmZpZwAAAAAAAAAABgAIAAYABgAAAAAAAwAEAAAAVGltZQAAAAD/////uAAAABQAAAAAAAAADAAWABQAEwAMAAQADAAAAGAAAAAAAAAAFAAAAAAAAAMEAAoAGAAMAAgABAAKAAAAFAAAAFgAAAAGAAAAAAAAAAAAAAAEAAAAAAAAAAAAAAAAAAAAAAAAAAAAAAAAAAAAMAAAAAAAAAAwAAAAAAAAAAAAAAAAAAAAMAAAAAAAAAAwAAAAAAAAAAAAAAACAAAABgAAAAAAAAAAAAAAAAAAAAYAAAAAAAAAAAAAAAAAAADAu3nQ8CjNFsBz3qk2Kc0WwCtDg3wpzRbAe5+bHyvNFsAzBHVlK80WwOtoTqsrzRYAAAAAAABJQAAAAAAAgExAAAAAAACAS0AAAAAAAABLQAAAAAAAgEtAAAAAAAAATEAQAAAADAAUABIADAAIAAQADAAAABAAAAAsAAAAPAAAAAAABAABAAAAeAIAAAAAAADAAAAAAAAAAGAAAAAAAAAAAAAAAAAAAAAAAAAAAAAKAAwAAAAIAAQACgAAAAgAAADAAAAAAwAAAEwAAAAoAAAABAAAADT+//8IAAAADAAAAAAAAAAAAAAABQAAAHJlZklkAAAAVP7//wgAAAAMAAAAAgAAAHt9AAAEAAAAbmFtZQAAAAB0/v//CAAAAFgAAABOAAAAeyJ0eXBlIjoidGltZXNlcmllcy1tYW55IiwiZXhlY3V0ZWRRdWVyeVN0cmluZyI6IkV4cHI6IHVwKEFMRVJUUylcblN0ZXA6IDQycyJ9AAAEAAAAbWV0YQAAAAACAAAA1AAAAAQAAABG////FAAAAJwAAACcAAAAAAAAA5wAAAADAAAAUAAAACwAAAAEAAAAFP///wgAAAAQAAAABQAAAFZhbHVlAAAABAAAAG5hbWUAAAAAOP///wgAAAAMAAAAAgAAAHt9AAAGAAAAbGFiZWxzAABY////CAAAACQAAAAaAAAAeyJkaXNwbGF5TmFtZUZyb21EUyI6Int9In0AAAYAAABjb25maWcAAAAAAABW////AAACAAUAAABWYWx1ZQASABgAFAAAABMADAAAAAgABAASAAAAFAAAAHgAAACAAAAAAAAACoAAAAACAAAANAAAAAQAAADc////CAAAABAAAAAEAAAAVGltZQAAAAAEAAAAbmFtZQAAAAAIAAwACAAEAAgAAAAIAAAAHAAAABIAAAB7ImludGVydmFsIjo0MjAwMH0AAAYAAABjb25maWcAAAAAAAAAAAYACAAGAAYAAAAAAAMABAAAAFRpbWUAAAAAmAIAAEFSUk9XMQ==
