ðŸŒŸ This was machine generated.  Do not edit. ðŸŒŸ

Frame[0] {
    "stats": [
        {
            "displayName": "Summary: bytes processed per second",
            "unit": "Bps",
            "value": 3507022
        },
        {
            "displayName": "Summary: lines processed per second",
            "value": 24818
        },
        {
            "displayName": "Summary: total bytes processed",
            "unit": "decbytes",
            "value": 7772
        },
        {
            "displayName": "Summary: total lines processed",
            "value": 55
        },
        {
            "displayName": "Summary: exec time",
            "unit": "s",
            "value": 0.002216125
        },
        {
            "displayName": "Store: total chunks ref",
            "value": 2
        },
        {
            "displayName": "Store: total chunks downloaded",
            "value": 3
        },
        {
            "displayName": "Store: chunks download time",
            "unit": "s",
            "value": 0.000390958
        },
        {
            "displayName": "Store: head chunk bytes",
            "unit": "decbytes",
            "value": 4
        },
        {
            "displayName": "Store: head chunk lines",
            "value": 5
        },
        {
            "displayName": "Store: decompressed bytes",
            "unit": "decbytes",
            "value": 7772
        },
        {
            "displayName": "Store: decompressed lines",
            "value": 55
        },
        {
            "displayName": "Store: compressed bytes",
            "unit": "decbytes",
            "value": 31432
        },
        {
            "displayName": "Store: total duplicates",
            "value": 6
        },
        {
            "displayName": "Ingester: total reached",
            "value": 7
        },
        {
            "displayName": "Ingester: total chunks matched",
            "value": 8
        },
        {
            "displayName": "Ingester: total batches",
            "value": 9
        },
        {
            "displayName": "Ingester: total lines sent",
            "value": 10
        },
        {
            "displayName": "Ingester: head chunk bytes",
            "unit": "decbytes",
            "value": 11
        },
        {
            "displayName": "Ingester: head chunk lines",
            "value": 12
        },
        {
            "displayName": "Ingester: decompressed bytes",
            "unit": "decbytes",
            "value": 13
        },
        {
            "displayName": "Ingester: decompressed lines",
            "value": 14
        },
        {
            "displayName": "Ingester: compressed bytes",
            "unit": "decbytes",
            "value": 15
        },
        {
            "displayName": "Ingester: total duplicates",
            "value": 16
        }
    ],
    "executedQueryString": "Expr: query1"
}
Name: 
Dimensions: 5 Fields by 6 Rows
+---------------------------------------+-----------------------------------------+------------------+---------------------+---------------------------------+
| Name: labels                          | Name: Time                              | Name: Line       | Name: tsNs          | Name: id                        |
| Labels:                               | Labels:                                 | Labels:          | Labels:             | Labels:                         |
| Type: []json.RawMessage               | Type: []time.Time                       | Type: []string   | Type: []string      | Type: []string                  |
+---------------------------------------+-----------------------------------------+------------------+---------------------+---------------------------------+
| {"code":"one\",","location":"moonðŸŒ™"} | 2022-02-16 16:50:44.81075712 +0000 UTC  | log line error 1 | 1645030244810757120 | 1645030244810757120_1d8c2178_   |
| {"code":"\",two","location":"moonðŸŒ™"} | 2022-02-16 16:50:47.02773504 +0000 UTC  | log line info 1  | 1645030247027735040 | 1645030247027735040_87a7aed2_   |
| {"code":"\",two","location":"moonðŸŒ™"} | 2022-02-16 16:50:46.277587968 +0000 UTC | log line info 2  | 1645030246277587968 | 1645030246277587968_318d05c9_   |
| {"code":"\",two","location":"moonðŸŒ™"} | 2022-02-16 16:50:46.277587968 +0000 UTC | log line info 2  | 1645030246277587968 | 1645030246277587968_318d05c9_1_ |
| {"code":"\",two","location":"moonðŸŒ™"} | 2022-02-16 16:50:45.539423744 +0000 UTC | log line info 3  | 1645030245539423744 | 1645030245539423744_fd17f65c_   |
| {"code":"\",two","location":"moonðŸŒ™"} | 2022-02-16 16:50:44.091700992 +0000 UTC | log line info 4  | 1645030244091700992 | 1645030244091700992_62ae07f3_   |
+---------------------------------------+-----------------------------------------+------------------+---------------------+---------------------------------+


====== TEST DATA RESPONSE (arrow base64) ======
FRAME=QVJST1cxAAD/////6AgAABAAAAAAAAoADgAMAAsABAAKAAAAFAAAAAAAAAEEAAoADAAAAAgABAAKAAAACAAAAKQGAAADAAAATAAAACgAAAAEAAAAoPf//wgAAAAMAAAAAAAAAAAAAAAFAAAAcmVmSWQAAADA9///CAAAAAwAAAAAAAAAAAAAAAQAAABuYW1lAAAAAOD3//8IAAAAPAYAADIGAAB7InN0YXRzIjpbeyJkaXNwbGF5TmFtZSI6IlN1bW1hcnk6IGJ5dGVzIHByb2Nlc3NlZCBwZXIgc2Vjb25kIiwidW5pdCI6IkJwcyIsInZhbHVlIjozNTA3MDIyfSx7ImRpc3BsYXlOYW1lIjoiU3VtbWFyeTogbGluZXMgcHJvY2Vzc2VkIHBlciBzZWNvbmQiLCJ2YWx1ZSI6MjQ4MTh9LHsiZGlzcGxheU5hbWUiOiJTdW1tYXJ5OiB0b3RhbCBieXRlcyBwcm9jZXNzZWQiLCJ1bml0IjoiZGVjYnl0ZXMiLCJ2YWx1ZSI6Nzc3Mn0seyJkaXNwbGF5TmFtZSI6IlN1bW1hcnk6IHRvdGFsIGxpbmVzIHByb2Nlc3NlZCIsInZhbHVlIjo1NX0seyJkaXNwbGF5TmFtZSI6IlN1bW1hcnk6IGV4ZWMgdGltZSIsInVuaXQiOiJzIiwidmFsdWUiOjAuMDAyMjE2MTI1fSx7ImRpc3BsYXlOYW1lIjoiU3RvcmU6IHRvdGFsIGNodW5rcyByZWYiLCJ2YWx1ZSI6Mn0seyJkaXNwbGF5TmFtZSI6IlN0b3JlOiB0b3RhbCBjaHVua3MgZG93bmxvYWRlZCIsInZhbHVlIjozfSx7ImRpc3BsYXlOYW1lIjoiU3RvcmU6IGNodW5rcyBkb3dubG9hZCB0aW1lIiwidW5pdCI6InMiLCJ2YWx1ZSI6MC4wMDAzOTA5NTh9LHsiZGlzcGxheU5hbWUiOiJTdG9yZTogaGVhZCBjaHVuayBieXRlcyIsInVuaXQiOiJkZWNieXRlcyIsInZhbHVlIjo0fSx7ImRpc3BsYXlOYW1lIjoiU3RvcmU6IGhlYWQgY2h1bmsgbGluZXMiLCJ2YWx1ZSI6NX0seyJkaXNwbGF5TmFtZSI6IlN0b3JlOiBkZWNvbXByZXNzZWQgYnl0ZXMiLCJ1bml0IjoiZGVjYnl0ZXMiLCJ2YWx1ZSI6Nzc3Mn0seyJkaXNwbGF5TmFtZSI6IlN0b3JlOiBkZWNvbXByZXNzZWQgbGluZXMiLCJ2YWx1ZSI6NTV9LHsiZGlzcGxheU5hbWUiOiJTdG9yZTogY29tcHJlc3NlZCBieXRlcyIsInVuaXQiOiJkZWNieXRlcyIsInZhbHVlIjozMTQzMn0seyJkaXNwbGF5TmFtZSI6IlN0b3JlOiB0b3RhbCBkdXBsaWNhdGVzIiwidmFsdWUiOjZ9LHsiZGlzcGxheU5hbWUiOiJJbmdlc3RlcjogdG90YWwgcmVhY2hlZCIsInZhbHVlIjo3fSx7ImRpc3BsYXlOYW1lIjoiSW5nZXN0ZXI6IHRvdGFsIGNodW5rcyBtYXRjaGVkIiwidmFsdWUiOjh9LHsiZGlzcGxheU5hbWUiOiJJbmdlc3RlcjogdG90YWwgYmF0Y2hlcyIsInZhbHVlIjo5fSx7ImRpc3BsYXlOYW1lIjoiSW5nZXN0ZXI6IHRvdGFsIGxpbmVzIHNlbnQiLCJ2YWx1ZSI6MTB9LHsiZGlzcGxheU5hbWUiOiJJbmdlc3RlcjogaGVhZCBjaHVuayBieXRlcyIsInVuaXQiOiJkZWNieXRlcyIsInZhbHVlIjoxMX0seyJkaXNwbGF5TmFtZSI6IkluZ2VzdGVyOiBoZWFkIGNodW5rIGxpbmVzIiwidmFsdWUiOjEyfSx7ImRpc3BsYXlOYW1lIjoiSW5nZXN0ZXI6IGRlY29tcHJlc3NlZCBieXRlcyIsInVuaXQiOiJkZWNieXRlcyIsInZhbHVlIjoxM30seyJkaXNwbGF5TmFtZSI6IkluZ2VzdGVyOiBkZWNvbXByZXNzZWQgbGluZXMiLCJ2YWx1ZSI6MTR9LHsiZGlzcGxheU5hbWUiOiJJbmdlc3RlcjogY29tcHJlc3NlZCBieXRlcyIsInVuaXQiOiJkZWNieXRlcyIsInZhbHVlIjoxNX0seyJkaXNwbGF5TmFtZSI6IkluZ2VzdGVyOiB0b3RhbCBkdXBsaWNhdGVzIiwidmFsdWUiOjE2fV0sImV4ZWN1dGVkUXVlcnlTdHJpbmciOiJFeHByOiBxdWVyeTEifQAABAAAAG1ldGEAAAAABQAAAKwBAAA0AQAA2AAAAFgAAAAEAAAAev7//xQAAAA4AAAAOAAAAAAAAAU0AAAAAQAAAAQAAABo/v//CAAAAAwAAAACAAAAaWQAAAQAAABuYW1lAAAAAAAAAABc/v//AgAAAGlkAADK/v//FAAAAGAAAABgAAAAAAAABVwAAAACAAAALAAAAAQAAAC8/v//CAAAABAAAAAEAAAAdHNOcwAAAAAEAAAAbmFtZQAAAADg/v//CAAAAAwAAAACAAAAe30AAAYAAABsYWJlbHMAAAAAAADU/v//BAAAAHRzTnMAAAAARv///xQAAAA8AAAAPAAAAAAAAAU4AAAAAQAAAAQAAAA0////CAAAABAAAAAEAAAATGluZQAAAAAEAAAAbmFtZQAAAAAAAAAALP///wQAAABMaW5lAAAAAJ7///8UAAAAPAAAAEQAAAAAAAAKRAAAAAEAAAAEAAAAjP///wgAAAAQAAAABAAAAFRpbWUAAAAABAAAAG5hbWUAAAAAAAAAAAAABgAIAAYABgAAAAAAAwAEAAAAVGltZQAAEgAYABQAAAATAAwAAAAIAAQAEgAAABQAAABEAAAASAAAAAAAAAREAAAAAQAAAAwAAAAIAAwACAAEAAgAAAAIAAAAEAAAAAYAAABsYWJlbHMAAAQAAABuYW1lAAAAAAAAAAAEAAQABAAAAAYAAABsYWJlbHMAAP////+IAQAAFAAAAAAAAAAMABYAFAATAAwABAAMAAAAKAMAAAAAAAAUAAAAAAAAAwQACgAYAAwACAAEAAoAAAAUAAAA+AAAAAYAAAAAAAAAAAAAAA4AAAAAAAAAAAAAAAAAAAAAAAAAAAAAAAAAAAAcAAAAAAAAACAAAAAAAAAA6gAAAAAAAAAQAQAAAAAAAAAAAAAAAAAAEAEAAAAAAAAwAAAAAAAAAEABAAAAAAAAAAAAAAAAAABAAQAAAAAAABwAAAAAAAAAYAEAAAAAAABbAAAAAAAAAMABAAAAAAAAAAAAAAAAAADAAQAAAAAAABwAAAAAAAAA4AEAAAAAAAByAAAAAAAAAFgCAAAAAAAAAAAAAAAAAABYAgAAAAAAABwAAAAAAAAAeAIAAAAAAACwAAAAAAAAAAAAAAAFAAAABgAAAAAAAAAAAAAAAAAAAAYAAAAAAAAAAAAAAAAAAAAGAAAAAAAAAAAAAAAAAAAABgAAAAAAAAAAAAAAAAAAAAYAAAAAAAAAAAAAAAAAAAAAAAAAJwAAAE4AAAB1AAAAnAAAAMMAAADqAAAAAAAAAHsiY29kZSI6Im9uZVwiLCIsImxvY2F0aW9uIjoibW9vbvCfjJkifXsiY29kZSI6IlwiLHR3byIsImxvY2F0aW9uIjoibW9vbvCfjJkifXsiY29kZSI6IlwiLHR3byIsImxvY2F0aW9uIjoibW9vbvCfjJkifXsiY29kZSI6IlwiLHR3byIsImxvY2F0aW9uIjoibW9vbvCfjJkifXsiY29kZSI6IlwiLHR3byIsImxvY2F0aW9uIjoibW9vbvCfjJkifXsiY29kZSI6IlwiLHR3byIsImxvY2F0aW9uIjoibW9vbvCfjJkifQAAAAAAAAAUuLpKUtQWAHrcPktS1BYAJCYSS1LUFgAkJhJLUtQWAKYm5kpS1BYAJ9yPSlLUFgAAAAAQAAAAHwAAAC4AAAA9AAAATAAAAFsAAAAAAAAAbG9nIGxpbmUgZXJyb3IgMWxvZyBsaW5lIGluZm8gMWxvZyBsaW5lIGluZm8gMmxvZyBsaW5lIGluZm8gMmxvZyBsaW5lIGluZm8gM2xvZyBsaW5lIGluZm8gNAAAAAAAAAAAABMAAAAmAAAAOQAAAEwAAABfAAAAcgAAAAAAAAAxNjQ1MDMwMjQ0ODEwNzU3MTIwMTY0NTAzMDI0NzAyNzczNTA0MDE2NDUwMzAyNDYyNzc1ODc5NjgxNjQ1MDMwMjQ2Mjc3NTg3OTY4MTY0NTAzMDI0NTUzOTQyMzc0NDE2NDUwMzAyNDQwOTE3MDA5OTIAAAAAAAAAAAAAHQAAADoAAABXAAAAdgAAAJMAAACwAAAAAAAAADE2NDUwMzAyNDQ4MTA3NTcxMjBfMWQ4YzIxNzhfMTY0NTAzMDI0NzAyNzczNTA0MF84N2E3YWVkMl8xNjQ1MDMwMjQ2Mjc3NTg3OTY4XzMxOGQwNWM5XzE2NDUwMzAyNDYyNzc1ODc5NjhfMzE4ZDA1YzlfMV8xNjQ1MDMwMjQ1NTM5NDIzNzQ0X2ZkMTdmNjVjXzE2NDUwMzAyNDQwOTE3MDA5OTJfNjJhZTA3ZjNfEAAAAAwAFAASAAwACAAEAAwAAAAQAAAALAAAADwAAAAAAAQAAQAAAPgIAAAAAAAAkAEAAAAAAAAoAwAAAAAAAAAAAAAAAAAAAAAAAAAACgAMAAAACAAEAAoAAAAIAAAApAYAAAMAAABMAAAAKAAAAAQAAACg9///CAAAAAwAAAAAAAAAAAAAAAUAAAByZWZJZAAAAMD3//8IAAAADAAAAAAAAAAAAAAABAAAAG5hbWUAAAAA4Pf//wgAAAA8BgAAMgYAAHsic3RhdHMiOlt7ImRpc3BsYXlOYW1lIjoiU3VtbWFyeTogYnl0ZXMgcHJvY2Vzc2VkIHBlciBzZWNvbmQiLCJ1bml0IjoiQnBzIiwidmFsdWUiOjM1MDcwMjJ9LHsiZGlzcGxheU5hbWUiOiJTdW1tYXJ5OiBsaW5lcyBwcm9jZXNzZWQgcGVyIHNlY29uZCIsInZhbHVlIjoyNDgxOH0seyJkaXNwbGF5TmFtZSI6IlN1bW1hcnk6IHRvdGFsIGJ5dGVzIHByb2Nlc3NlZCIsInVuaXQiOiJkZWNieXRlcyIsInZhbHVlIjo3NzcyfSx7ImRpc3BsYXlOYW1lIjoiU3VtbWFyeTogdG90YWwgbGluZXMgcHJvY2Vzc2VkIiwidmFsdWUiOjU1fSx7ImRpc3BsYXlOYW1lIjoiU3VtbWFyeTogZXhlYyB0aW1lIiwidW5pdCI6InMiLCJ2YWx1ZSI6MC4wMDIyMTYxMjV9LHsiZGlzcGxheU5hbWUiOiJTdG9yZTogdG90YWwgY2h1bmtzIHJlZiIsInZhbHVlIjoyfSx7ImRpc3BsYXlOYW1lIjoiU3RvcmU6IHRvdGFsIGNodW5rcyBkb3dubG9hZGVkIiwidmFsdWUiOjN9LHsiZGlzcGxheU5hbWUiOiJTdG9yZTogY2h1bmtzIGRvd25sb2FkIHRpbWUiLCJ1bml0IjoicyIsInZhbHVlIjowLjAwMDM5MDk1OH0seyJkaXNwbGF5TmFtZSI6IlN0b3JlOiBoZWFkIGNodW5rIGJ5dGVzIiwidW5pdCI6ImRlY2J5dGVzIiwidmFsdWUiOjR9LHsiZGlzcGxheU5hbWUiOiJTdG9yZTogaGVhZCBjaHVuayBsaW5lcyIsInZhbHVlIjo1fSx7ImRpc3BsYXlOYW1lIjoiU3RvcmU6IGRlY29tcHJlc3NlZCBieXRlcyIsInVuaXQiOiJkZWNieXRlcyIsInZhbHVlIjo3NzcyfSx7ImRpc3BsYXlOYW1lIjoiU3RvcmU6IGRlY29tcHJlc3NlZCBsaW5lcyIsInZhbHVlIjo1NX0seyJkaXNwbGF5TmFtZSI6IlN0b3JlOiBjb21wcmVzc2VkIGJ5dGVzIiwidW5pdCI6ImRlY2J5dGVzIiwidmFsdWUiOjMxNDMyfSx7ImRpc3BsYXlOYW1lIjoiU3RvcmU6IHRvdGFsIGR1cGxpY2F0ZXMiLCJ2YWx1ZSI6Nn0seyJkaXNwbGF5TmFtZSI6IkluZ2VzdGVyOiB0b3RhbCByZWFjaGVkIiwidmFsdWUiOjd9LHsiZGlzcGxheU5hbWUiOiJJbmdlc3RlcjogdG90YWwgY2h1bmtzIG1hdGNoZWQiLCJ2YWx1ZSI6OH0seyJkaXNwbGF5TmFtZSI6IkluZ2VzdGVyOiB0b3RhbCBiYXRjaGVzIiwidmFsdWUiOjl9LHsiZGlzcGxheU5hbWUiOiJJbmdlc3RlcjogdG90YWwgbGluZXMgc2VudCIsInZhbHVlIjoxMH0seyJkaXNwbGF5TmFtZSI6IkluZ2VzdGVyOiBoZWFkIGNodW5rIGJ5dGVzIiwidW5pdCI6ImRlY2J5dGVzIiwidmFsdWUiOjExfSx7ImRpc3BsYXlOYW1lIjoiSW5nZXN0ZXI6IGhlYWQgY2h1bmsgbGluZXMiLCJ2YWx1ZSI6MTJ9LHsiZGlzcGxheU5hbWUiOiJJbmdlc3RlcjogZGVjb21wcmVzc2VkIGJ5dGVzIiwidW5pdCI6ImRlY2J5dGVzIiwidmFsdWUiOjEzfSx7ImRpc3BsYXlOYW1lIjoiSW5nZXN0ZXI6IGRlY29tcHJlc3NlZCBsaW5lcyIsInZhbHVlIjoxNH0seyJkaXNwbGF5TmFtZSI6IkluZ2VzdGVyOiBjb21wcmVzc2VkIGJ5dGVzIiwidW5pdCI6ImRlY2J5dGVzIiwidmFsdWUiOjE1fSx7ImRpc3BsYXlOYW1lIjoiSW5nZXN0ZXI6IHRvdGFsIGR1cGxpY2F0ZXMiLCJ2YWx1ZSI6MTZ9XSwiZXhlY3V0ZWRRdWVyeVN0cmluZyI6IkV4cHI6IHF1ZXJ5MSJ9AAAEAAAAbWV0YQAAAAAFAAAArAEAADQBAADYAAAAWAAAAAQAAAB6/v//FAAAADgAAAA4AAAAAAAABTQAAAABAAAABAAAAGj+//8IAAAADAAAAAIAAABpZAAABAAAAG5hbWUAAAAAAAAAAFz+//8CAAAAaWQAAMr+//8UAAAAYAAAAGAAAAAAAAAFXAAAAAIAAAAsAAAABAAAALz+//8IAAAAEAAAAAQAAAB0c05zAAAAAAQAAABuYW1lAAAAAOD+//8IAAAADAAAAAIAAAB7fQAABgAAAGxhYmVscwAAAAAAANT+//8EAAAAdHNOcwAAAABG////FAAAADwAAAA8AAAAAAAABTgAAAABAAAABAAAADT///8IAAAAEAAAAAQAAABMaW5lAAAAAAQAAABuYW1lAAAAAAAAAAAs////BAAAAExpbmUAAAAAnv///xQAAAA8AAAARAAAAAAAAApEAAAAAQAAAAQAAACM////CAAAABAAAAAEAAAAVGltZQAAAAAEAAAAbmFtZQAAAAAAAAAAAAAGAAgABgAGAAAAAAADAAQAAABUaW1lAAASABgAFAAAABMADAAAAAgABAASAAAAFAAAAEQAAABIAAAAAAAABEQAAAABAAAADAAAAAgADAAIAAQACAAAAAgAAAAQAAAABgAAAGxhYmVscwAABAAAAG5hbWUAAAAAAAAAAAQABAAEAAAABgAAAGxhYmVscwAAGAkAAEFSUk9XMQ==
