ðŸŒŸ This was machine generated.  Do not edit. ðŸŒŸ

Frame[0] {
    "type": "timeseries-many",
    "executedQueryString": "Expr: query1"
}
Name: {level="error", location="moon"}
Dimensions: 2 Fields by 1 Rows
+-------------------------------+------------------------------------+
| Name: Time                    | Name: Value                        |
| Labels:                       | Labels: level=error, location=moon |
| Type: []time.Time             | Type: []float64                    |
+-------------------------------+------------------------------------+
| 2022-02-16 16:41:39 +0000 UTC | +Inf                               |
+-------------------------------+------------------------------------+



Frame[1] {
    "type": "timeseries-many",
    "executedQueryString": "Expr: query1"
}
Name: {level="info", location="moon"}
Dimensions: 2 Fields by 1 Rows
+-------------------------------+-----------------------------------+
| Name: Time                    | Name: Value                       |
| Labels:                       | Labels: level=info, location=moon |
| Type: []time.Time             | Type: []float64                   |
+-------------------------------+-----------------------------------+
| 2022-02-16 16:41:39 +0000 UTC | -Inf                              |
+-------------------------------+-----------------------------------+



Frame[2] {
    "type": "timeseries-many",
    "executedQueryString": "Expr: query1"
}
Name: {level="debug", location="moon"}
Dimensions: 2 Fields by 1 Rows
+-------------------------------+------------------------------------+
| Name: Time                    | Name: Value                        |
| Labels:                       | Labels: level=debug, location=moon |
| Type: []time.Time             | Type: []float64                    |
+-------------------------------+------------------------------------+
| 2022-02-16 16:41:39 +0000 UTC | NaN                                |
+-------------------------------+------------------------------------+


====== TEST DATA RESPONSE (arrow base64) ======
FRAME=QVJST1cxAAD/////iAIAABAAAAAAAAoADgAMAAsABAAKAAAAFAAAAAAAAAEEAAoADAAAAAgABAAKAAAACAAAANAAAAADAAAAbAAAACgAAAAEAAAACP7//wgAAAAMAAAAAAAAAAAAAAAFAAAAcmVmSWQAAAAo/v//CAAAACwAAAAgAAAAe2xldmVsPSJlcnJvciIsIGxvY2F0aW9uPSJtb29uIn0AAAAABAAAAG5hbWUAAAAAaP7//wgAAABIAAAAPwAAAHsidHlwZSI6InRpbWVzZXJpZXMtbWFueSIsImV4ZWN1dGVkUXVlcnlTdHJpbmciOiJFeHByOiBxdWVyeTEifQAEAAAAbWV0YQAAAAACAAAAGAEAAAQAAAAC////FAAAAOAAAADgAAAAAAAAA+AAAAADAAAAcAAAACwAAAAEAAAA+P7//wgAAAAQAAAABQAAAFZhbHVlAAAABAAAAG5hbWUAAAAAHP///wgAAAAsAAAAIwAAAHsibGV2ZWwiOiJlcnJvciIsImxvY2F0aW9uIjoibW9vbiJ9AAYAAABsYWJlbHMAAFz///8IAAAASAAAADwAAAB7ImRpc3BsYXlOYW1lRnJvbURTIjoie2xldmVsPVwiZXJyb3JcIiwgbG9jYXRpb249XCJtb29uXCJ9In0AAAAABgAAAGNvbmZpZwAAAAAAAIr///8AAAIABQAAAFZhbHVlABIAGAAUAAAAEwAMAAAACAAEABIAAAAUAAAARAAAAEwAAAAAAAAKTAAAAAEAAAAMAAAACAAMAAgABAAIAAAACAAAABAAAAAEAAAAVGltZQAAAAAEAAAAbmFtZQAAAAAAAAAAAAAGAAgABgAGAAAAAAADAAQAAABUaW1lAAAAAP////+4AAAAFAAAAAAAAAAMABYAFAATAAwABAAMAAAAEAAAAAAAAAAUAAAAAAAAAwQACgAYAAwACAAEAAoAAAAUAAAAWAAAAAEAAAAAAAAAAAAAAAQAAAAAAAAAAAAAAAAAAAAAAAAAAAAAAAAAAAAIAAAAAAAAAAgAAAAAAAAAAAAAAAAAAAAIAAAAAAAAAAgAAAAAAAAAAAAAAAIAAAABAAAAAAAAAAAAAAAAAAAAAQAAAAAAAAAAAAAAAAAAAADe3KXLUdQWAAAAAAAA8H8QAAAADAAUABIADAAIAAQADAAAABAAAAAsAAAAPAAAAAAABAABAAAAmAIAAAAAAADAAAAAAAAAABAAAAAAAAAAAAAAAAAAAAAAAAAAAAAKAAwAAAAIAAQACgAAAAgAAADQAAAAAwAAAGwAAAAoAAAABAAAAAj+//8IAAAADAAAAAAAAAAAAAAABQAAAHJlZklkAAAAKP7//wgAAAAsAAAAIAAAAHtsZXZlbD0iZXJyb3IiLCBsb2NhdGlvbj0ibW9vbiJ9AAAAAAQAAABuYW1lAAAAAGj+//8IAAAASAAAAD8AAAB7InR5cGUiOiJ0aW1lc2VyaWVzLW1hbnkiLCJleGVjdXRlZFF1ZXJ5U3RyaW5nIjoiRXhwcjogcXVlcnkxIn0ABAAAAG1ldGEAAAAAAgAAABgBAAAEAAAAAv///xQAAADgAAAA4AAAAAAAAAPgAAAAAwAAAHAAAAAsAAAABAAAAPj+//8IAAAAEAAAAAUAAABWYWx1ZQAAAAQAAABuYW1lAAAAABz///8IAAAALAAAACMAAAB7ImxldmVsIjoiZXJyb3IiLCJsb2NhdGlvbiI6Im1vb24ifQAGAAAAbGFiZWxzAABc////CAAAAEgAAAA8AAAAeyJkaXNwbGF5TmFtZUZyb21EUyI6IntsZXZlbD1cImVycm9yXCIsIGxvY2F0aW9uPVwibW9vblwifSJ9AAAAAAYAAABjb25maWcAAAAAAACK////AAACAAUAAABWYWx1ZQASABgAFAAAABMADAAAAAgABAASAAAAFAAAAEQAAABMAAAAAAAACkwAAAABAAAADAAAAAgADAAIAAQACAAAAAgAAAAQAAAABAAAAFRpbWUAAAAABAAAAG5hbWUAAAAAAAAAAAAABgAIAAYABgAAAAAAAwAEAAAAVGltZQAAAAC4AgAAQVJST1cx
FRAME=QVJST1cxAAD/////gAIAABAAAAAAAAoADgAMAAsABAAKAAAAFAAAAAAAAAEEAAoADAAAAAgABAAKAAAACAAAAMwAAAADAAAAaAAAACgAAAAEAAAAEP7//wgAAAAMAAAAAAAAAAAAAAAFAAAAcmVmSWQAAAAw/v//CAAAACgAAAAfAAAAe2xldmVsPSJpbmZvIiwgbG9jYXRpb249Im1vb24ifQAEAAAAbmFtZQAAAABs/v//CAAAAEgAAAA/AAAAeyJ0eXBlIjoidGltZXNlcmllcy1tYW55IiwiZXhlY3V0ZWRRdWVyeVN0cmluZyI6IkV4cHI6IHF1ZXJ5MSJ9AAQAAABtZXRhAAAAAAIAAAAUAQAABAAAAAb///8UAAAA3AAAANwAAAAAAAAD3AAAAAMAAABwAAAALAAAAAQAAAD8/v//CAAAABAAAAAFAAAAVmFsdWUAAAAEAAAAbmFtZQAAAAAg////CAAAACwAAAAiAAAAeyJsZXZlbCI6ImluZm8iLCJsb2NhdGlvbiI6Im1vb24ifQAABgAAAGxhYmVscwAAYP///wgAAABEAAAAOwAAAHsiZGlzcGxheU5hbWVGcm9tRFMiOiJ7bGV2ZWw9XCJpbmZvXCIsIGxvY2F0aW9uPVwibW9vblwifSJ9AAYAAABjb25maWcAAAAAAACK////AAACAAUAAABWYWx1ZQASABgAFAAAABMADAAAAAgABAASAAAAFAAAAEQAAABMAAAAAAAACkwAAAABAAAADAAAAAgADAAIAAQACAAAAAgAAAAQAAAABAAAAFRpbWUAAAAABAAAAG5hbWUAAAAAAAAAAAAABgAIAAYABgAAAAAAAwAEAAAAVGltZQAAAAD/////uAAAABQAAAAAAAAADAAWABQAEwAMAAQADAAAABAAAAAAAAAAFAAAAAAAAAMEAAoAGAAMAAgABAAKAAAAFAAAAFgAAAABAAAAAAAAAAAAAAAEAAAAAAAAAAAAAAAAAAAAAAAAAAAAAAAAAAAACAAAAAAAAAAIAAAAAAAAAAAAAAAAAAAACAAAAAAAAAAIAAAAAAAAAAAAAAACAAAAAQAAAAAAAAAAAAAAAAAAAAEAAAAAAAAAAAAAAAAAAAAA3tyly1HUFgAAAAAAAPD/EAAAAAwAFAASAAwACAAEAAwAAAAQAAAALAAAADwAAAAAAAQAAQAAAJACAAAAAAAAwAAAAAAAAAAQAAAAAAAAAAAAAAAAAAAAAAAAAAAACgAMAAAACAAEAAoAAAAIAAAAzAAAAAMAAABoAAAAKAAAAAQAAAAQ/v//CAAAAAwAAAAAAAAAAAAAAAUAAAByZWZJZAAAADD+//8IAAAAKAAAAB8AAAB7bGV2ZWw9ImluZm8iLCBsb2NhdGlvbj0ibW9vbiJ9AAQAAABuYW1lAAAAAGz+//8IAAAASAAAAD8AAAB7InR5cGUiOiJ0aW1lc2VyaWVzLW1hbnkiLCJleGVjdXRlZFF1ZXJ5U3RyaW5nIjoiRXhwcjogcXVlcnkxIn0ABAAAAG1ldGEAAAAAAgAAABQBAAAEAAAABv///xQAAADcAAAA3AAAAAAAAAPcAAAAAwAAAHAAAAAsAAAABAAAAPz+//8IAAAAEAAAAAUAAABWYWx1ZQAAAAQAAABuYW1lAAAAACD///8IAAAALAAAACIAAAB7ImxldmVsIjoiaW5mbyIsImxvY2F0aW9uIjoibW9vbiJ9AAAGAAAAbGFiZWxzAABg////CAAAAEQAAAA7AAAAeyJkaXNwbGF5TmFtZUZyb21EUyI6IntsZXZlbD1cImluZm9cIiwgbG9jYXRpb249XCJtb29uXCJ9In0ABgAAAGNvbmZpZwAAAAAAAIr///8AAAIABQAAAFZhbHVlABIAGAAUAAAAEwAMAAAACAAEABIAAAAUAAAARAAAAEwAAAAAAAAKTAAAAAEAAAAMAAAACAAMAAgABAAIAAAACAAAABAAAAAEAAAAVGltZQAAAAAEAAAAbmFtZQAAAAAAAAAAAAAGAAgABgAGAAAAAAADAAQAAABUaW1lAAAAALACAABBUlJPVzE=
FRAME=QVJST1cxAAD/////iAIAABAAAAAAAAoADgAMAAsABAAKAAAAFAAAAAAAAAEEAAoADAAAAAgABAAKAAAACAAAANAAAAADAAAAbAAAACgAAAAEAAAACP7//wgAAAAMAAAAAAAAAAAAAAAFAAAAcmVmSWQAAAAo/v//CAAAACwAAAAgAAAAe2xldmVsPSJkZWJ1ZyIsIGxvY2F0aW9uPSJtb29uIn0AAAAABAAAAG5hbWUAAAAAaP7//wgAAABIAAAAPwAAAHsidHlwZSI6InRpbWVzZXJpZXMtbWFueSIsImV4ZWN1dGVkUXVlcnlTdHJpbmciOiJFeHByOiBxdWVyeTEifQAEAAAAbWV0YQAAAAACAAAAGAEAAAQAAAAC////FAAAAOAAAADgAAAAAAAAA+AAAAADAAAAcAAAACwAAAAEAAAA+P7//wgAAAAQAAAABQAAAFZhbHVlAAAABAAAAG5hbWUAAAAAHP///wgAAAAsAAAAIwAAAHsibGV2ZWwiOiJkZWJ1ZyIsImxvY2F0aW9uIjoibW9vbiJ9AAYAAABsYWJlbHMAAFz///8IAAAASAAAADwAAAB7ImRpc3BsYXlOYW1lRnJvbURTIjoie2xldmVsPVwiZGVidWdcIiwgbG9jYXRpb249XCJtb29uXCJ9In0AAAAABgAAAGNvbmZpZwAAAAAAAIr///8AAAIABQAAAFZhbHVlABIAGAAUAAAAEwAMAAAACAAEABIAAAAUAAAARAAAAEwAAAAAAAAKTAAAAAEAAAAMAAAACAAMAAgABAAIAAAACAAAABAAAAAEAAAAVGltZQAAAAAEAAAAbmFtZQAAAAAAAAAAAAAGAAgABgAGAAAAAAADAAQAAABUaW1lAAAAAP////+4AAAAFAAAAAAAAAAMABYAFAATAAwABAAMAAAAEAAAAAAAAAAUAAAAAAAAAwQACgAYAAwACAAEAAoAAAAUAAAAWAAAAAEAAAAAAAAAAAAAAAQAAAAAAAAAAAAAAAAAAAAAAAAAAAAAAAAAAAAIAAAAAAAAAAgAAAAAAAAAAAAAAAAAAAAIAAAAAAAAAAgAAAAAAAAAAAAAAAIAAAABAAAAAAAAAAAAAAAAAAAAAQAAAAAAAAAAAAAAAAAAAADe3KXLUdQWAQAAAAAA+H8QAAAADAAUABIADAAIAAQADAAAABAAAAAsAAAAPAAAAAAABAABAAAAmAIAAAAAAADAAAAAAAAAABAAAAAAAAAAAAAAAAAAAAAAAAAAAAAKAAwAAAAIAAQACgAAAAgAAADQAAAAAwAAAGwAAAAoAAAABAAAAAj+//8IAAAADAAAAAAAAAAAAAAABQAAAHJlZklkAAAAKP7//wgAAAAsAAAAIAAAAHtsZXZlbD0iZGVidWciLCBsb2NhdGlvbj0ibW9vbiJ9AAAAAAQAAABuYW1lAAAAAGj+//8IAAAASAAAAD8AAAB7InR5cGUiOiJ0aW1lc2VyaWVzLW1hbnkiLCJleGVjdXRlZFF1ZXJ5U3RyaW5nIjoiRXhwcjogcXVlcnkxIn0ABAAAAG1ldGEAAAAAAgAAABgBAAAEAAAAAv///xQAAADgAAAA4AAAAAAAAAPgAAAAAwAAAHAAAAAsAAAABAAAAPj+//8IAAAAEAAAAAUAAABWYWx1ZQAAAAQAAABuYW1lAAAAABz///8IAAAALAAAACMAAAB7ImxldmVsIjoiZGVidWciLCJsb2NhdGlvbiI6Im1vb24ifQAGAAAAbGFiZWxzAABc////CAAAAEgAAAA8AAAAeyJkaXNwbGF5TmFtZUZyb21EUyI6IntsZXZlbD1cImRlYnVnXCIsIGxvY2F0aW9uPVwibW9vblwifSJ9AAAAAAYAAABjb25maWcAAAAAAACK////AAACAAUAAABWYWx1ZQASABgAFAAAABMADAAAAAgABAASAAAAFAAAAEQAAABMAAAAAAAACkwAAAABAAAADAAAAAgADAAIAAQACAAAAAgAAAAQAAAABAAAAFRpbWUAAAAABAAAAG5hbWUAAAAAAAAAAAAABgAIAAYABgAAAAAAAwAEAAAAVGltZQAAAAC4AgAAQVJST1cx
